Running on gpu002, CUDA_VISIBLE_DEVICES=0
Starting MC-dropout: 5-fold CV + frozen-split refit on TCGA-GBMLGG
load_survival_table: dropping 2 slide(s) from 2 case(s) with time <= 0: TCGA-RR-A6KB, TCGA-TQ-A7RS
Device        cuda   seed 42
Cohort        TCGA_GBMLGG / uni_v2
CSV           data/processed/experiments/uni_v2_TCGA_GBMLGG/splits.csv

Split     Patients   Slides   Events
train          614      614      312
val            174      174       89
test            87       87       44

Model         ABMILSurvival  (233,346 params, linear-cox head)
Config        input_dim=1536  embed_dim=128  attention_dim=128  input_norm=True  gated=True  dropout=0.25
ABMILSurvival(
  (encoder): ABMILEncoder(
    (input_norm): LayerNorm((1536,), eps=1e-05, elementwise_affine=True)
    (patch_proj): Sequential(
      (0): Linear(in_features=1536, out_features=128, bias=True)
      (1): ReLU()
      (2): Dropout(p=0.25, inplace=False)
    )
    (attention_v): Linear(in_features=128, out_features=128, bias=True)
    (attention_u): Linear(in_features=128, out_features=128, bias=True)
    (attention_w): Linear(in_features=128, out_features=1, bias=True)
    (norm): LayerNorm((128,), eps=1e-05, elementwise_affine=True)
  )
  (risk_head): Linear(in_features=128, out_features=1, bias=True)
)

Loss          cox
Optimizer     adamw  lr=5e-05  wd=0.001  epochs=50  patience=5  grad_clip=1.0
MC-Dropout    samples=100  bootstrap=1000

--- Phase 1: 5-Fold Cross-Validation ---

Per Fold: train 525, val 175, test 175

Fold    C-index  Sel-AUC  Risk-std  Patients  Events  Best-Epoch
1/5      0.7555   0.7864    0.0108       175      89           3
2/5      0.7756   0.8412    0.0107       175      89          15
3/5      0.7586   0.7710    0.0094       175      89          11
4/5      0.7274   0.7861    0.0093       175      89           4
5/5      0.7704   0.8222    0.0101       175      89          11

Mean          C-index 0.7575 +/- 0.0188   (min 0.7274, max 0.7756)
Pooled        C-index 0.7552   95% CI [0.7320, 0.7771]
              Sel-AUC 0.8014   risk-std 0.0101

--- Phase 2: Frozen-Split Refit ---

Fitting on train 614, val 174, test 87 ...

Test set      87 patients, 44 events
Deterministic C-index 0.7894   95% CI [0.7226, 0.8542]
MC-dropout    C-index 0.7894   95% CI [0.7226, 0.8542]
              sel-AUC 0.8179   risk-std 0.0106

Results       results/mc_dropout_abmil_cox_tcga_gbmlgg
checkpoints   results/mc_dropout_abmil_cox_tcga_gbmlgg/checkpoints  (5 folds + frozen_split.pt)
