Running on gpu002, CUDA_VISIBLE_DEVICES=0
Starting deep ensembles: 5-fold CV + frozen-split refit on TCGA-GBMLGG
load_survival_table: dropping 2 slide(s) from 2 case(s) with time <= 0: TCGA-RR-A6KB, TCGA-TQ-A7RS
Device        cuda   seed 42
Cohort        TCGA_GBMLGG / uni_v2
CSV           data/processed/experiments/uni_v2_TCGA_GBMLGG/splits.csv

Split     Patients   Slides   Events
train          614      614      312
val            174      174       89
test            87       87       44

Model         ABMILSurvival  (233,346 params/member, linear-cox head)
Config        input_dim=1536  embed_dim=128  attention_dim=128  input_norm=True  gated=True  dropout=0.25
ABMILSurvival(
  (encoder): ABMILEncoder(
    (input_norm): LayerNorm((1536,), eps=1e-05, elementwise_affine=True)
    (patch_proj): Sequential(
      (0): Linear(in_features=1536, out_features=128, bias=True)
      (1): ReLU()
      (2): Dropout(p=0.25, inplace=False)
    )
    (attention_v): Linear(in_features=128, out_features=128, bias=True)
    (attention_u): Linear(in_features=128, out_features=128, bias=True)
    (attention_w): Linear(in_features=128, out_features=1, bias=True)
    (norm): LayerNorm((128,), eps=1e-05, elementwise_affine=True)
  )
  (risk_head): Linear(in_features=128, out_features=1, bias=True)
)

Loss          cox
Optimizer     adamw  lr=5e-05  wd=0.001  epochs=50  patience=5  grad_clip=1.0
Ensemble      members=5  bootstrap=1000

--- Phase 1: 5-Fold Cross-Validation ---

Per Fold: train 525, val 175, test 175  (5 members each)

Fold    C-index  Sel-AUC  Risk-std  Patients  Events  Best-Epoch
1/5      0.7747   0.7863    0.3905       175      89           6
2/5      0.7837   0.8119    0.3611       175      89          12
3/5      0.7627   0.7626    0.5279       175      89          21
4/5      0.7328   0.7957    0.3845       175      89           6
5/5      0.7725   0.7633    0.3933       175      89          11

Mean          C-index 0.7653 +/- 0.0196   (min 0.7328, max 0.7837)
Pooled        C-index 0.7594   95% CI [0.7381, 0.7805]
              Sel-AUC 0.7840   risk-std 0.4115

--- Phase 2: Frozen-Split Refit ---

Fitting 5 members on train 614, val 174, test 87 ...

Test set      87 patients, 44 events
Single        C-index 0.7814   95% CI [0.7016, 0.8467]
Ensemble      C-index 0.7861   95% CI [0.7148, 0.8508]
              sel-AUC 0.7545   risk-std 0.4573

Results       results/deep_ensembles_abmil_cox_tcga_gbmlgg
checkpoints   results/deep_ensembles_abmil_cox_tcga_gbmlgg/checkpoints  (25 CV + 5 frozen members)
